  Determining projects to restore...
  All projects are up-to-date for restore.
  SharedKernel -> C:\Users\colin\dev\fundraiser-SaaS\PlatformPlatform\application\shared-kernel\artifacts\bin\SharedKernel\debug\PlatformPlatform.SharedKernel.dll
  Fundraiser -> C:\Users\colin\dev\fundraiser-SaaS\PlatformPlatform\application\fundraiser\Core\bin\Debug\net10.0\PlatformPlatform.Fundraiser.dll
C:\Program Files\dotnet\sdk\10.0.102\Microsoft.Common.CurrentVersion.targets(5080,5): warning MSB3026: Could not copy "C:\Users\colin\dev\fundraiser-SaaS\PlatformPlatform\application\fundraiser\Core\bin\Debug\net10.0\PlatformPlatform.Fundraiser.dll" to "bin\Debug\net10.0\PlatformPlatform.Fundraiser.dll". Beginning retry 1 in 1000ms. The process cannot access the file 'C:\Users\colin\dev\fundraiser-SaaS\PlatformPlatform\application\fundraiser\Api\bin\Debug\net10.0\PlatformPlatform.Fundraiser.dll' because it is being used by another process. The file is locked by: "PlatformPlatform.Fundraiser.Api (39484)" [C:\Users\colin\dev\fundraiser-SaaS\PlatformPlatform\application\fundraiser\Api\Fundraiser.Api.csproj]
C:\Program Files\dotnet\sdk\10.0.102\Microsoft.Common.CurrentVersion.targets(5080,5): warning MSB3026: Could not copy "C:\Users\colin\dev\fundraiser-SaaS\PlatformPlatform\application\shared-kernel\artifacts\bin\SharedKernel\debug\PlatformPlatform.SharedKernel.dll" to "bin\Debug\net10.0\PlatformPlatform.SharedKernel.dll". Beginning retry 1 in 1000ms. The process cannot access the file 'C:\Users\colin\dev\fundraiser-SaaS\PlatformPlatform\application\fundraiser\Api\bin\Debug\net10.0\PlatformPlatform.SharedKernel.dll' because it is being used by another process. The file is locked by: "PlatformPlatform.Fundraiser.Api (39484)" [C:\Users\colin\dev\fundraiser-SaaS\PlatformPlatform\application\fundraiser\Api\Fundraiser.Api.csproj]
C:\Program Files\dotnet\sdk\10.0.102\Microsoft.Common.CurrentVersion.targets(5080,5): warning MSB3026: Could not copy "C:\Users\colin\dev\fundraiser-SaaS\PlatformPlatform\application\fundraiser\Core\bin\Debug\net10.0\PlatformPlatform.Fundraiser.dll" to "bin\Debug\net10.0\PlatformPlatform.Fundraiser.dll". Beginning retry 2 in 1000ms. The process cannot access the file 'C:\Users\colin\dev\fundraiser-SaaS\PlatformPlatform\application\fundraiser\Api\bin\Debug\net10.0\PlatformPlatform.Fundraiser.dll' because it is being used by another process. The file is locked by: "PlatformPlatform.Fundraiser.Api (39484)" [C:\Users\colin\dev\fundraiser-SaaS\PlatformPlatform\application\fundraiser\Api\Fundraiser.Api.csproj]
C:\Program Files\dotnet\sdk\10.0.102\Microsoft.Common.CurrentVersion.targets(5080,5): warning MSB3026: Could not copy "C:\Users\colin\dev\fundraiser-SaaS\PlatformPlatform\application\shared-kernel\artifacts\bin\SharedKernel\debug\PlatformPlatform.SharedKernel.dll" to "bin\Debug\net10.0\PlatformPlatform.SharedKernel.dll". Beginning retry 2 in 1000ms. The process cannot access the file 'C:\Users\colin\dev\fundraiser-SaaS\PlatformPlatform\application\fundraiser\Api\bin\Debug\net10.0\PlatformPlatform.SharedKernel.dll' because it is being used by another process. The file is locked by: "PlatformPlatform.Fundraiser.Api (39484)" [C:\Users\colin\dev\fundraiser-SaaS\PlatformPlatform\application\fundraiser\Api\Fundraiser.Api.csproj]
C:\Program Files\dotnet\sdk\10.0.102\Microsoft.Common.CurrentVersion.targets(5080,5): warning MSB3026: Could not copy "C:\Users\colin\dev\fundraiser-SaaS\PlatformPlatform\application\shared-kernel\artifacts\bin\SharedKernel\debug\PlatformPlatform.SharedKernel.dll" to "bin\Debug\net10.0\PlatformPlatform.SharedKernel.dll". Beginning retry 3 in 1000ms. The process cannot access the file 'C:\Users\colin\dev\fundraiser-SaaS\PlatformPlatform\application\fundraiser\Api\bin\Debug\net10.0\PlatformPlatform.SharedKernel.dll' because it is being used by another process. The file is locked by: "PlatformPlatform.Fundraiser.Api (39484)" [C:\Users\colin\dev\fundraiser-SaaS\PlatformPlatform\application\fundraiser\Api\Fundraiser.Api.csproj]
C:\Program Files\dotnet\sdk\10.0.102\Microsoft.Common.CurrentVersion.targets(5080,5): warning MSB3026: Could not copy "C:\Users\colin\dev\fundraiser-SaaS\PlatformPlatform\application\fundraiser\Core\bin\Debug\net10.0\PlatformPlatform.Fundraiser.dll" to "bin\Debug\net10.0\PlatformPlatform.Fundraiser.dll". Beginning retry 3 in 1000ms. The process cannot access the file 'C:\Users\colin\dev\fundraiser-SaaS\PlatformPlatform\application\fundraiser\Api\bin\Debug\net10.0\PlatformPlatform.Fundraiser.dll' because it is being used by another process. The file is locked by: "PlatformPlatform.Fundraiser.Api (39484)" [C:\Users\colin\dev\fundraiser-SaaS\PlatformPlatform\application\fundraiser\Api\Fundraiser.Api.csproj]
C:\Program Files\dotnet\sdk\10.0.102\Microsoft.Common.CurrentVersion.targets(5080,5): warning MSB3026: Could not copy "C:\Users\colin\dev\fundraiser-SaaS\PlatformPlatform\application\fundraiser\Core\bin\Debug\net10.0\PlatformPlatform.Fundraiser.dll" to "bin\Debug\net10.0\PlatformPlatform.Fundraiser.dll". Beginning retry 4 in 1000ms. The process cannot access the file 'C:\Users\colin\dev\fundraiser-SaaS\PlatformPlatform\application\fundraiser\Api\bin\Debug\net10.0\PlatformPlatform.Fundraiser.dll' because it is being used by another process. The file is locked by: "PlatformPlatform.Fundraiser.Api (39484)" [C:\Users\colin\dev\fundraiser-SaaS\PlatformPlatform\application\fundraiser\Api\Fundraiser.Api.csproj]
C:\Program Files\dotnet\sdk\10.0.102\Microsoft.Common.CurrentVersion.targets(5080,5): warning MSB3026: Could not copy "C:\Users\colin\dev\fundraiser-SaaS\PlatformPlatform\application\shared-kernel\artifacts\bin\SharedKernel\debug\PlatformPlatform.SharedKernel.dll" to "bin\Debug\net10.0\PlatformPlatform.SharedKernel.dll". Beginning retry 4 in 1000ms. The process cannot access the file 'C:\Users\colin\dev\fundraiser-SaaS\PlatformPlatform\application\fundraiser\Api\bin\Debug\net10.0\PlatformPlatform.SharedKernel.dll' because it is being used by another process. The file is locked by: "PlatformPlatform.Fundraiser.Api (39484)" [C:\Users\colin\dev\fundraiser-SaaS\PlatformPlatform\application\fundraiser\Api\Fundraiser.Api.csproj]
C:\Program Files\dotnet\sdk\10.0.102\Microsoft.Common.CurrentVersion.targets(5080,5): warning MSB3026: Could not copy "C:\Users\colin\dev\fundraiser-SaaS\PlatformPlatform\application\shared-kernel\artifacts\bin\SharedKernel\debug\PlatformPlatform.SharedKernel.dll" to "bin\Debug\net10.0\PlatformPlatform.SharedKernel.dll". Beginning retry 5 in 1000ms. The process cannot access the file 'C:\Users\colin\dev\fundraiser-SaaS\PlatformPlatform\application\fundraiser\Api\bin\Debug\net10.0\PlatformPlatform.SharedKernel.dll' because it is being used by another process. The file is locked by: "PlatformPlatform.Fundraiser.Api (39484)" [C:\Users\colin\dev\fundraiser-SaaS\PlatformPlatform\application\fundraiser\Api\Fundraiser.Api.csproj]
C:\Program Files\dotnet\sdk\10.0.102\Microsoft.Common.CurrentVersion.targets(5080,5): warning MSB3026: Could not copy "C:\Users\colin\dev\fundraiser-SaaS\PlatformPlatform\application\fundraiser\Core\bin\Debug\net10.0\PlatformPlatform.Fundraiser.dll" to "bin\Debug\net10.0\PlatformPlatform.Fundraiser.dll". Beginning retry 5 in 1000ms. The process cannot access the file 'C:\Users\colin\dev\fundraiser-SaaS\PlatformPlatform\application\fundraiser\Api\bin\Debug\net10.0\PlatformPlatform.Fundraiser.dll' because it is being used by another process. The file is locked by: "PlatformPlatform.Fundraiser.Api (39484)" [C:\Users\colin\dev\fundraiser-SaaS\PlatformPlatform\application\fundraiser\Api\Fundraiser.Api.csproj]
C:\Program Files\dotnet\sdk\10.0.102\Microsoft.Common.CurrentVersion.targets(5080,5): warning MSB3026: Could not copy "C:\Users\colin\dev\fundraiser-SaaS\PlatformPlatform\application\shared-kernel\artifacts\bin\SharedKernel\debug\PlatformPlatform.SharedKernel.dll" to "bin\Debug\net10.0\PlatformPlatform.SharedKernel.dll". Beginning retry 6 in 1000ms. The process cannot access the file 'C:\Users\colin\dev\fundraiser-SaaS\PlatformPlatform\application\fundraiser\Api\bin\Debug\net10.0\PlatformPlatform.SharedKernel.dll' because it is being used by another process. The file is locked by: "PlatformPlatform.Fundraiser.Api (39484)" [C:\Users\colin\dev\fundraiser-SaaS\PlatformPlatform\application\fundraiser\Api\Fundraiser.Api.csproj]
C:\Program Files\dotnet\sdk\10.0.102\Microsoft.Common.CurrentVersion.targets(5080,5): warning MSB3026: Could not copy "C:\Users\colin\dev\fundraiser-SaaS\PlatformPlatform\application\fundraiser\Core\bin\Debug\net10.0\PlatformPlatform.Fundraiser.dll" to "bin\Debug\net10.0\PlatformPlatform.Fundraiser.dll". Beginning retry 6 in 1000ms. The process cannot access the file 'C:\Users\colin\dev\fundraiser-SaaS\PlatformPlatform\application\fundraiser\Api\bin\Debug\net10.0\PlatformPlatform.Fundraiser.dll' because it is being used by another process. The file is locked by: "PlatformPlatform.Fundraiser.Api (39484)" [C:\Users\colin\dev\fundraiser-SaaS\PlatformPlatform\application\fundraiser\Api\Fundraiser.Api.csproj]
C:\Program Files\dotnet\sdk\10.0.102\Microsoft.Common.CurrentVersion.targets(5080,5): warning MSB3026: Could not copy "C:\Users\colin\dev\fundraiser-SaaS\PlatformPlatform\application\fundraiser\Core\bin\Debug\net10.0\PlatformPlatform.Fundraiser.dll" to "bin\Debug\net10.0\PlatformPlatform.Fundraiser.dll". Beginning retry 7 in 1000ms. The process cannot access the file 'C:\Users\colin\dev\fundraiser-SaaS\PlatformPlatform\application\fundraiser\Api\bin\Debug\net10.0\PlatformPlatform.Fundraiser.dll' because it is being used by another process. The file is locked by: "PlatformPlatform.Fundraiser.Api (39484)" [C:\Users\colin\dev\fundraiser-SaaS\PlatformPlatform\application\fundraiser\Api\Fundraiser.Api.csproj]
C:\Program Files\dotnet\sdk\10.0.102\Microsoft.Common.CurrentVersion.targets(5080,5): warning MSB3026: Could not copy "C:\Users\colin\dev\fundraiser-SaaS\PlatformPlatform\application\shared-kernel\artifacts\bin\SharedKernel\debug\PlatformPlatform.SharedKernel.dll" to "bin\Debug\net10.0\PlatformPlatform.SharedKernel.dll". Beginning retry 7 in 1000ms. The process cannot access the file 'C:\Users\colin\dev\fundraiser-SaaS\PlatformPlatform\application\fundraiser\Api\bin\Debug\net10.0\PlatformPlatform.SharedKernel.dll' because it is being used by another process. The file is locked by: "PlatformPlatform.Fundraiser.Api (39484)" [C:\Users\colin\dev\fundraiser-SaaS\PlatformPlatform\application\fundraiser\Api\Fundraiser.Api.csproj]
C:\Program Files\dotnet\sdk\10.0.102\Microsoft.Common.CurrentVersion.targets(5080,5): warning MSB3026: Could not copy "C:\Users\colin\dev\fundraiser-SaaS\PlatformPlatform\application\shared-kernel\artifacts\bin\SharedKernel\debug\PlatformPlatform.SharedKernel.dll" to "bin\Debug\net10.0\PlatformPlatform.SharedKernel.dll". Beginning retry 8 in 1000ms. The process cannot access the file 'C:\Users\colin\dev\fundraiser-SaaS\PlatformPlatform\application\fundraiser\Api\bin\Debug\net10.0\PlatformPlatform.SharedKernel.dll' because it is being used by another process. The file is locked by: "PlatformPlatform.Fundraiser.Api (39484)" [C:\Users\colin\dev\fundraiser-SaaS\PlatformPlatform\application\fundraiser\Api\Fundraiser.Api.csproj]
C:\Program Files\dotnet\sdk\10.0.102\Microsoft.Common.CurrentVersion.targets(5080,5): warning MSB3026: Could not copy "C:\Users\colin\dev\fundraiser-SaaS\PlatformPlatform\application\fundraiser\Core\bin\Debug\net10.0\PlatformPlatform.Fundraiser.dll" to "bin\Debug\net10.0\PlatformPlatform.Fundraiser.dll". Beginning retry 8 in 1000ms. The process cannot access the file 'C:\Users\colin\dev\fundraiser-SaaS\PlatformPlatform\application\fundraiser\Api\bin\Debug\net10.0\PlatformPlatform.Fundraiser.dll' because it is being used by another process. The file is locked by: "PlatformPlatform.Fundraiser.Api (39484)" [C:\Users\colin\dev\fundraiser-SaaS\PlatformPlatform\application\fundraiser\Api\Fundraiser.Api.csproj]
C:\Program Files\dotnet\sdk\10.0.102\Microsoft.Common.CurrentVersion.targets(5080,5): warning MSB3026: Could not copy "C:\Users\colin\dev\fundraiser-SaaS\PlatformPlatform\application\shared-kernel\artifacts\bin\SharedKernel\debug\PlatformPlatform.SharedKernel.dll" to "bin\Debug\net10.0\PlatformPlatform.SharedKernel.dll". Beginning retry 9 in 1000ms. The process cannot access the file 'C:\Users\colin\dev\fundraiser-SaaS\PlatformPlatform\application\fundraiser\Api\bin\Debug\net10.0\PlatformPlatform.SharedKernel.dll' because it is being used by another process. The file is locked by: "PlatformPlatform.Fundraiser.Api (39484)" [C:\Users\colin\dev\fundraiser-SaaS\PlatformPlatform\application\fundraiser\Api\Fundraiser.Api.csproj]
C:\Program Files\dotnet\sdk\10.0.102\Microsoft.Common.CurrentVersion.targets(5080,5): warning MSB3026: Could not copy "C:\Users\colin\dev\fundraiser-SaaS\PlatformPlatform\application\fundraiser\Core\bin\Debug\net10.0\PlatformPlatform.Fundraiser.dll" to "bin\Debug\net10.0\PlatformPlatform.Fundraiser.dll". Beginning retry 9 in 1000ms. The process cannot access the file 'C:\Users\colin\dev\fundraiser-SaaS\PlatformPlatform\application\fundraiser\Api\bin\Debug\net10.0\PlatformPlatform.Fundraiser.dll' because it is being used by another process. The file is locked by: "PlatformPlatform.Fundraiser.Api (39484)" [C:\Users\colin\dev\fundraiser-SaaS\PlatformPlatform\application\fundraiser\Api\Fundraiser.Api.csproj]
C:\Program Files\dotnet\sdk\10.0.102\Microsoft.Common.CurrentVersion.targets(5080,5): warning MSB3026: Could not copy "C:\Users\colin\dev\fundraiser-SaaS\PlatformPlatform\application\shared-kernel\artifacts\bin\SharedKernel\debug\PlatformPlatform.SharedKernel.dll" to "bin\Debug\net10.0\PlatformPlatform.SharedKernel.dll". Beginning retry 10 in 1000ms. The process cannot access the file 'C:\Users\colin\dev\fundraiser-SaaS\PlatformPlatform\application\fundraiser\Api\bin\Debug\net10.0\PlatformPlatform.SharedKernel.dll' because it is being used by another process. The file is locked by: "PlatformPlatform.Fundraiser.Api (39484)" [C:\Users\colin\dev\fundraiser-SaaS\PlatformPlatform\application\fundraiser\Api\Fundraiser.Api.csproj]
C:\Program Files\dotnet\sdk\10.0.102\Microsoft.Common.CurrentVersion.targets(5080,5): warning MSB3026: Could not copy "C:\Users\colin\dev\fundraiser-SaaS\PlatformPlatform\application\fundraiser\Core\bin\Debug\net10.0\PlatformPlatform.Fundraiser.dll" to "bin\Debug\net10.0\PlatformPlatform.Fundraiser.dll". Beginning retry 10 in 1000ms. The process cannot access the file 'C:\Users\colin\dev\fundraiser-SaaS\PlatformPlatform\application\fundraiser\Api\bin\Debug\net10.0\PlatformPlatform.Fundraiser.dll' because it is being used by another process. The file is locked by: "PlatformPlatform.Fundraiser.Api (39484)" [C:\Users\colin\dev\fundraiser-SaaS\PlatformPlatform\application\fundraiser\Api\Fundraiser.Api.csproj]
C:\Program Files\dotnet\sdk\10.0.102\Microsoft.Common.CurrentVersion.targets(5080,5): error MSB3027: Could not copy "C:\Users\colin\dev\fundraiser-SaaS\PlatformPlatform\application\shared-kernel\artifacts\bin\SharedKernel\debug\PlatformPlatform.SharedKernel.dll" to "bin\Debug\net10.0\PlatformPlatform.SharedKernel.dll". Exceeded retry count of 10. Failed. The file is locked by: "PlatformPlatform.Fundraiser.Api (39484)" [C:\Users\colin\dev\fundraiser-SaaS\PlatformPlatform\application\fundraiser\Api\Fundraiser.Api.csproj]
C:\Program Files\dotnet\sdk\10.0.102\Microsoft.Common.CurrentVersion.targets(5080,5): error MSB3021: Unable to copy file "C:\Users\colin\dev\fundraiser-SaaS\PlatformPlatform\application\shared-kernel\artifacts\bin\SharedKernel\debug\PlatformPlatform.SharedKernel.dll" to "bin\Debug\net10.0\PlatformPlatform.SharedKernel.dll". The process cannot access the file 'C:\Users\colin\dev\fundraiser-SaaS\PlatformPlatform\application\fundraiser\Api\bin\Debug\net10.0\PlatformPlatform.SharedKernel.dll' because it is being used by another process. [C:\Users\colin\dev\fundraiser-SaaS\PlatformPlatform\application\fundraiser\Api\Fundraiser.Api.csproj]
C:\Program Files\dotnet\sdk\10.0.102\Microsoft.Common.CurrentVersion.targets(5080,5): error MSB3027: Could not copy "C:\Users\colin\dev\fundraiser-SaaS\PlatformPlatform\application\fundraiser\Core\bin\Debug\net10.0\PlatformPlatform.Fundraiser.dll" to "bin\Debug\net10.0\PlatformPlatform.Fundraiser.dll". Exceeded retry count of 10. Failed. The file is locked by: "PlatformPlatform.Fundraiser.Api (39484)" [C:\Users\colin\dev\fundraiser-SaaS\PlatformPlatform\application\fundraiser\Api\Fundraiser.Api.csproj]
C:\Program Files\dotnet\sdk\10.0.102\Microsoft.Common.CurrentVersion.targets(5080,5): error MSB3021: Unable to copy file "C:\Users\colin\dev\fundraiser-SaaS\PlatformPlatform\application\fundraiser\Core\bin\Debug\net10.0\PlatformPlatform.Fundraiser.dll" to "bin\Debug\net10.0\PlatformPlatform.Fundraiser.dll". The process cannot access the file 'C:\Users\colin\dev\fundraiser-SaaS\PlatformPlatform\application\fundraiser\Api\bin\Debug\net10.0\PlatformPlatform.Fundraiser.dll' because it is being used by another process. [C:\Users\colin\dev\fundraiser-SaaS\PlatformPlatform\application\fundraiser\Api\Fundraiser.Api.csproj]

Build FAILED.

C:\Program Files\dotnet\sdk\10.0.102\Microsoft.Common.CurrentVersion.targets(5080,5): warning MSB3026: Could not copy "C:\Users\colin\dev\fundraiser-SaaS\PlatformPlatform\application\fundraiser\Core\bin\Debug\net10.0\PlatformPlatform.Fundraiser.dll" to "bin\Debug\net10.0\PlatformPlatform.Fundraiser.dll". Beginning retry 1 in 1000ms. The process cannot access the file 'C:\Users\colin\dev\fundraiser-SaaS\PlatformPlatform\application\fundraiser\Api\bin\Debug\net10.0\PlatformPlatform.Fundraiser.dll' because it is being used by another process. The file is locked by: "PlatformPlatform.Fundraiser.Api (39484)" [C:\Users\colin\dev\fundraiser-SaaS\PlatformPlatform\application\fundraiser\Api\Fundraiser.Api.csproj]
C:\Program Files\dotnet\sdk\10.0.102\Microsoft.Common.CurrentVersion.targets(5080,5): warning MSB3026: Could not copy "C:\Users\colin\dev\fundraiser-SaaS\PlatformPlatform\application\shared-kernel\artifacts\bin\SharedKernel\debug\PlatformPlatform.SharedKernel.dll" to "bin\Debug\net10.0\PlatformPlatform.SharedKernel.dll". Beginning retry 1 in 1000ms. The process cannot access the file 'C:\Users\colin\dev\fundraiser-SaaS\PlatformPlatform\application\fundraiser\Api\bin\Debug\net10.0\PlatformPlatform.SharedKernel.dll' because it is being used by another process. The file is locked by: "PlatformPlatform.Fundraiser.Api (39484)" [C:\Users\colin\dev\fundraiser-SaaS\PlatformPlatform\application\fundraiser\Api\Fundraiser.Api.csproj]
C:\Program Files\dotnet\sdk\10.0.102\Microsoft.Common.CurrentVersion.targets(5080,5): warning MSB3026: Could not copy "C:\Users\colin\dev\fundraiser-SaaS\PlatformPlatform\application\fundraiser\Core\bin\Debug\net10.0\PlatformPlatform.Fundraiser.dll" to "bin\Debug\net10.0\PlatformPlatform.Fundraiser.dll". Beginning retry 2 in 1000ms. The process cannot access the file 'C:\Users\colin\dev\fundraiser-SaaS\PlatformPlatform\application\fundraiser\Api\bin\Debug\net10.0\PlatformPlatform.Fundraiser.dll' because it is being used by another process. The file is locked by: "PlatformPlatform.Fundraiser.Api (39484)" [C:\Users\colin\dev\fundraiser-SaaS\PlatformPlatform\application\fundraiser\Api\Fundraiser.Api.csproj]
C:\Program Files\dotnet\sdk\10.0.102\Microsoft.Common.CurrentVersion.targets(5080,5): warning MSB3026: Could not copy "C:\Users\colin\dev\fundraiser-SaaS\PlatformPlatform\application\shared-kernel\artifacts\bin\SharedKernel\debug\PlatformPlatform.SharedKernel.dll" to "bin\Debug\net10.0\PlatformPlatform.SharedKernel.dll". Beginning retry 2 in 1000ms. The process cannot access the file 'C:\Users\colin\dev\fundraiser-SaaS\PlatformPlatform\application\fundraiser\Api\bin\Debug\net10.0\PlatformPlatform.SharedKernel.dll' because it is being used by another process. The file is locked by: "PlatformPlatform.Fundraiser.Api (39484)" [C:\Users\colin\dev\fundraiser-SaaS\PlatformPlatform\application\fundraiser\Api\Fundraiser.Api.csproj]
C:\Program Files\dotnet\sdk\10.0.102\Microsoft.Common.CurrentVersion.targets(5080,5): warning MSB3026: Could not copy "C:\Users\colin\dev\fundraiser-SaaS\PlatformPlatform\application\shared-kernel\artifacts\bin\SharedKernel\debug\PlatformPlatform.SharedKernel.dll" to "bin\Debug\net10.0\PlatformPlatform.SharedKernel.dll". Beginning retry 3 in 1000ms. The process cannot access the file 'C:\Users\colin\dev\fundraiser-SaaS\PlatformPlatform\application\fundraiser\Api\bin\Debug\net10.0\PlatformPlatform.SharedKernel.dll' because it is being used by another process. The file is locked by: "PlatformPlatform.Fundraiser.Api (39484)" [C:\Users\colin\dev\fundraiser-SaaS\PlatformPlatform\application\fundraiser\Api\Fundraiser.Api.csproj]
C:\Program Files\dotnet\sdk\10.0.102\Microsoft.Common.CurrentVersion.targets(5080,5): warning MSB3026: Could not copy "C:\Users\colin\dev\fundraiser-SaaS\PlatformPlatform\application\fundraiser\Core\bin\Debug\net10.0\PlatformPlatform.Fundraiser.dll" to "bin\Debug\net10.0\PlatformPlatform.Fundraiser.dll". Beginning retry 3 in 1000ms. The process cannot access the file 'C:\Users\colin\dev\fundraiser-SaaS\PlatformPlatform\application\fundraiser\Api\bin\Debug\net10.0\PlatformPlatform.Fundraiser.dll' because it is being used by another process. The file is locked by: "PlatformPlatform.Fundraiser.Api (39484)" [C:\Users\colin\dev\fundraiser-SaaS\PlatformPlatform\application\fundraiser\Api\Fundraiser.Api.csproj]
C:\Program Files\dotnet\sdk\10.0.102\Microsoft.Common.CurrentVersion.targets(5080,5): warning MSB3026: Could not copy "C:\Users\colin\dev\fundraiser-SaaS\PlatformPlatform\application\fundraiser\Core\bin\Debug\net10.0\PlatformPlatform.Fundraiser.dll" to "bin\Debug\net10.0\PlatformPlatform.Fundraiser.dll". Beginning retry 4 in 1000ms. The process cannot access the file 'C:\Users\colin\dev\fundraiser-SaaS\PlatformPlatform\application\fundraiser\Api\bin\Debug\net10.0\PlatformPlatform.Fundraiser.dll' because it is being used by another process. The file is locked by: "PlatformPlatform.Fundraiser.Api (39484)" [C:\Users\colin\dev\fundraiser-SaaS\PlatformPlatform\application\fundraiser\Api\Fundraiser.Api.csproj]
C:\Program Files\dotnet\sdk\10.0.102\Microsoft.Common.CurrentVersion.targets(5080,5): warning MSB3026: Could not copy "C:\Users\colin\dev\fundraiser-SaaS\PlatformPlatform\application\shared-kernel\artifacts\bin\SharedKernel\debug\PlatformPlatform.SharedKernel.dll" to "bin\Debug\net10.0\PlatformPlatform.SharedKernel.dll". Beginning retry 4 in 1000ms. The process cannot access the file 'C:\Users\colin\dev\fundraiser-SaaS\PlatformPlatform\application\fundraiser\Api\bin\Debug\net10.0\PlatformPlatform.SharedKernel.dll' because it is being used by another process. The file is locked by: "PlatformPlatform.Fundraiser.Api (39484)" [C:\Users\colin\dev\fundraiser-SaaS\PlatformPlatform\application\fundraiser\Api\Fundraiser.Api.csproj]
C:\Program Files\dotnet\sdk\10.0.102\Microsoft.Common.CurrentVersion.targets(5080,5): warning MSB3026: Could not copy "C:\Users\colin\dev\fundraiser-SaaS\PlatformPlatform\application\shared-kernel\artifacts\bin\SharedKernel\debug\PlatformPlatform.SharedKernel.dll" to "bin\Debug\net10.0\PlatformPlatform.SharedKernel.dll". Beginning retry 5 in 1000ms. The process cannot access the file 'C:\Users\colin\dev\fundraiser-SaaS\PlatformPlatform\application\fundraiser\Api\bin\Debug\net10.0\PlatformPlatform.SharedKernel.dll' because it is being used by another process. The file is locked by: "PlatformPlatform.Fundraiser.Api (39484)" [C:\Users\colin\dev\fundraiser-SaaS\PlatformPlatform\application\fundraiser\Api\Fundraiser.Api.csproj]
C:\Program Files\dotnet\sdk\10.0.102\Microsoft.Common.CurrentVersion.targets(5080,5): warning MSB3026: Could not copy "C:\Users\colin\dev\fundraiser-SaaS\PlatformPlatform\application\fundraiser\Core\bin\Debug\net10.0\PlatformPlatform.Fundraiser.dll" to "bin\Debug\net10.0\PlatformPlatform.Fundraiser.dll". Beginning retry 5 in 1000ms. The process cannot access the file 'C:\Users\colin\dev\fundraiser-SaaS\PlatformPlatform\application\fundraiser\Api\bin\Debug\net10.0\PlatformPlatform.Fundraiser.dll' because it is being used by another process. The file is locked by: "PlatformPlatform.Fundraiser.Api (39484)" [C:\Users\colin\dev\fundraiser-SaaS\PlatformPlatform\application\fundraiser\Api\Fundraiser.Api.csproj]
C:\Program Files\dotnet\sdk\10.0.102\Microsoft.Common.CurrentVersion.targets(5080,5): warning MSB3026: Could not copy "C:\Users\colin\dev\fundraiser-SaaS\PlatformPlatform\application\shared-kernel\artifacts\bin\SharedKernel\debug\PlatformPlatform.SharedKernel.dll" to "bin\Debug\net10.0\PlatformPlatform.SharedKernel.dll". Beginning retry 6 in 1000ms. The process cannot access the file 'C:\Users\colin\dev\fundraiser-SaaS\PlatformPlatform\application\fundraiser\Api\bin\Debug\net10.0\PlatformPlatform.SharedKernel.dll' because it is being used by another process. The file is locked by: "PlatformPlatform.Fundraiser.Api (39484)" [C:\Users\colin\dev\fundraiser-SaaS\PlatformPlatform\application\fundraiser\Api\Fundraiser.Api.csproj]
C:\Program Files\dotnet\sdk\10.0.102\Microsoft.Common.CurrentVersion.targets(5080,5): warning MSB3026: Could not copy "C:\Users\colin\dev\fundraiser-SaaS\PlatformPlatform\application\fundraiser\Core\bin\Debug\net10.0\PlatformPlatform.Fundraiser.dll" to "bin\Debug\net10.0\PlatformPlatform.Fundraiser.dll". Beginning retry 6 in 1000ms. The process cannot access the file 'C:\Users\colin\dev\fundraiser-SaaS\PlatformPlatform\application\fundraiser\Api\bin\Debug\net10.0\PlatformPlatform.Fundraiser.dll' because it is being used by another process. The file is locked by: "PlatformPlatform.Fundraiser.Api (39484)" [C:\Users\colin\dev\fundraiser-SaaS\PlatformPlatform\application\fundraiser\Api\Fundraiser.Api.csproj]
C:\Program Files\dotnet\sdk\10.0.102\Microsoft.Common.CurrentVersion.targets(5080,5): warning MSB3026: Could not copy "C:\Users\colin\dev\fundraiser-SaaS\PlatformPlatform\application\fundraiser\Core\bin\Debug\net10.0\PlatformPlatform.Fundraiser.dll" to "bin\Debug\net10.0\PlatformPlatform.Fundraiser.dll". Beginning retry 7 in 1000ms. The process cannot access the file 'C:\Users\colin\dev\fundraiser-SaaS\PlatformPlatform\application\fundraiser\Api\bin\Debug\net10.0\PlatformPlatform.Fundraiser.dll' because it is being used by another process. The file is locked by: "PlatformPlatform.Fundraiser.Api (39484)" [C:\Users\colin\dev\fundraiser-SaaS\PlatformPlatform\application\fundraiser\Api\Fundraiser.Api.csproj]
C:\Program Files\dotnet\sdk\10.0.102\Microsoft.Common.CurrentVersion.targets(5080,5): warning MSB3026: Could not copy "C:\Users\colin\dev\fundraiser-SaaS\PlatformPlatform\application\shared-kernel\artifacts\bin\SharedKernel\debug\PlatformPlatform.SharedKernel.dll" to "bin\Debug\net10.0\PlatformPlatform.SharedKernel.dll". Beginning retry 7 in 1000ms. The process cannot access the file 'C:\Users\colin\dev\fundraiser-SaaS\PlatformPlatform\application\fundraiser\Api\bin\Debug\net10.0\PlatformPlatform.SharedKernel.dll' because it is being used by another process. The file is locked by: "PlatformPlatform.Fundraiser.Api (39484)" [C:\Users\colin\dev\fundraiser-SaaS\PlatformPlatform\application\fundraiser\Api\Fundraiser.Api.csproj]
C:\Program Files\dotnet\sdk\10.0.102\Microsoft.Common.CurrentVersion.targets(5080,5): warning MSB3026: Could not copy "C:\Users\colin\dev\fundraiser-SaaS\PlatformPlatform\application\shared-kernel\artifacts\bin\SharedKernel\debug\PlatformPlatform.SharedKernel.dll" to "bin\Debug\net10.0\PlatformPlatform.SharedKernel.dll". Beginning retry 8 in 1000ms. The process cannot access the file 'C:\Users\colin\dev\fundraiser-SaaS\PlatformPlatform\application\fundraiser\Api\bin\Debug\net10.0\PlatformPlatform.SharedKernel.dll' because it is being used by another process. The file is locked by: "PlatformPlatform.Fundraiser.Api (39484)" [C:\Users\colin\dev\fundraiser-SaaS\PlatformPlatform\application\fundraiser\Api\Fundraiser.Api.csproj]
C:\Program Files\dotnet\sdk\10.0.102\Microsoft.Common.CurrentVersion.targets(5080,5): warning MSB3026: Could not copy "C:\Users\colin\dev\fundraiser-SaaS\PlatformPlatform\application\fundraiser\Core\bin\Debug\net10.0\PlatformPlatform.Fundraiser.dll" to "bin\Debug\net10.0\PlatformPlatform.Fundraiser.dll". Beginning retry 8 in 1000ms. The process cannot access the file 'C:\Users\colin\dev\fundraiser-SaaS\PlatformPlatform\application\fundraiser\Api\bin\Debug\net10.0\PlatformPlatform.Fundraiser.dll' because it is being used by another process. The file is locked by: "PlatformPlatform.Fundraiser.Api (39484)" [C:\Users\colin\dev\fundraiser-SaaS\PlatformPlatform\application\fundraiser\Api\Fundraiser.Api.csproj]
C:\Program Files\dotnet\sdk\10.0.102\Microsoft.Common.CurrentVersion.targets(5080,5): warning MSB3026: Could not copy "C:\Users\colin\dev\fundraiser-SaaS\PlatformPlatform\application\shared-kernel\artifacts\bin\SharedKernel\debug\PlatformPlatform.SharedKernel.dll" to "bin\Debug\net10.0\PlatformPlatform.SharedKernel.dll". Beginning retry 9 in 1000ms. The process cannot access the file 'C:\Users\colin\dev\fundraiser-SaaS\PlatformPlatform\application\fundraiser\Api\bin\Debug\net10.0\PlatformPlatform.SharedKernel.dll' because it is being used by another process. The file is locked by: "PlatformPlatform.Fundraiser.Api (39484)" [C:\Users\colin\dev\fundraiser-SaaS\PlatformPlatform\application\fundraiser\Api\Fundraiser.Api.csproj]
C:\Program Files\dotnet\sdk\10.0.102\Microsoft.Common.CurrentVersion.targets(5080,5): warning MSB3026: Could not copy "C:\Users\colin\dev\fundraiser-SaaS\PlatformPlatform\application\fundraiser\Core\bin\Debug\net10.0\PlatformPlatform.Fundraiser.dll" to "bin\Debug\net10.0\PlatformPlatform.Fundraiser.dll". Beginning retry 9 in 1000ms. The process cannot access the file 'C:\Users\colin\dev\fundraiser-SaaS\PlatformPlatform\application\fundraiser\Api\bin\Debug\net10.0\PlatformPlatform.Fundraiser.dll' because it is being used by another process. The file is locked by: "PlatformPlatform.Fundraiser.Api (39484)" [C:\Users\colin\dev\fundraiser-SaaS\PlatformPlatform\application\fundraiser\Api\Fundraiser.Api.csproj]
C:\Program Files\dotnet\sdk\10.0.102\Microsoft.Common.CurrentVersion.targets(5080,5): warning MSB3026: Could not copy "C:\Users\colin\dev\fundraiser-SaaS\PlatformPlatform\application\shared-kernel\artifacts\bin\SharedKernel\debug\PlatformPlatform.SharedKernel.dll" to "bin\Debug\net10.0\PlatformPlatform.SharedKernel.dll". Beginning retry 10 in 1000ms. The process cannot access the file 'C:\Users\colin\dev\fundraiser-SaaS\PlatformPlatform\application\fundraiser\Api\bin\Debug\net10.0\PlatformPlatform.SharedKernel.dll' because it is being used by another process. The file is locked by: "PlatformPlatform.Fundraiser.Api (39484)" [C:\Users\colin\dev\fundraiser-SaaS\PlatformPlatform\application\fundraiser\Api\Fundraiser.Api.csproj]
C:\Program Files\dotnet\sdk\10.0.102\Microsoft.Common.CurrentVersion.targets(5080,5): warning MSB3026: Could not copy "C:\Users\colin\dev\fundraiser-SaaS\PlatformPlatform\application\fundraiser\Core\bin\Debug\net10.0\PlatformPlatform.Fundraiser.dll" to "bin\Debug\net10.0\PlatformPlatform.Fundraiser.dll". Beginning retry 10 in 1000ms. The process cannot access the file 'C:\Users\colin\dev\fundraiser-SaaS\PlatformPlatform\application\fundraiser\Api\bin\Debug\net10.0\PlatformPlatform.Fundraiser.dll' because it is being used by another process. The file is locked by: "PlatformPlatform.Fundraiser.Api (39484)" [C:\Users\colin\dev\fundraiser-SaaS\PlatformPlatform\application\fundraiser\Api\Fundraiser.Api.csproj]
C:\Program Files\dotnet\sdk\10.0.102\Microsoft.Common.CurrentVersion.targets(5080,5): error MSB3027: Could not copy "C:\Users\colin\dev\fundraiser-SaaS\PlatformPlatform\application\shared-kernel\artifacts\bin\SharedKernel\debug\PlatformPlatform.SharedKernel.dll" to "bin\Debug\net10.0\PlatformPlatform.SharedKernel.dll". Exceeded retry count of 10. Failed. The file is locked by: "PlatformPlatform.Fundraiser.Api (39484)" [C:\Users\colin\dev\fundraiser-SaaS\PlatformPlatform\application\fundraiser\Api\Fundraiser.Api.csproj]
C:\Program Files\dotnet\sdk\10.0.102\Microsoft.Common.CurrentVersion.targets(5080,5): error MSB3021: Unable to copy file "C:\Users\colin\dev\fundraiser-SaaS\PlatformPlatform\application\shared-kernel\artifacts\bin\SharedKernel\debug\PlatformPlatform.SharedKernel.dll" to "bin\Debug\net10.0\PlatformPlatform.SharedKernel.dll". The process cannot access the file 'C:\Users\colin\dev\fundraiser-SaaS\PlatformPlatform\application\fundraiser\Api\bin\Debug\net10.0\PlatformPlatform.SharedKernel.dll' because it is being used by another process. [C:\Users\colin\dev\fundraiser-SaaS\PlatformPlatform\application\fundraiser\Api\Fundraiser.Api.csproj]
C:\Program Files\dotnet\sdk\10.0.102\Microsoft.Common.CurrentVersion.targets(5080,5): error MSB3027: Could not copy "C:\Users\colin\dev\fundraiser-SaaS\PlatformPlatform\application\fundraiser\Core\bin\Debug\net10.0\PlatformPlatform.Fundraiser.dll" to "bin\Debug\net10.0\PlatformPlatform.Fundraiser.dll". Exceeded retry count of 10. Failed. The file is locked by: "PlatformPlatform.Fundraiser.Api (39484)" [C:\Users\colin\dev\fundraiser-SaaS\PlatformPlatform\application\fundraiser\Api\Fundraiser.Api.csproj]
C:\Program Files\dotnet\sdk\10.0.102\Microsoft.Common.CurrentVersion.targets(5080,5): error MSB3021: Unable to copy file "C:\Users\colin\dev\fundraiser-SaaS\PlatformPlatform\application\fundraiser\Core\bin\Debug\net10.0\PlatformPlatform.Fundraiser.dll" to "bin\Debug\net10.0\PlatformPlatform.Fundraiser.dll". The process cannot access the file 'C:\Users\colin\dev\fundraiser-SaaS\PlatformPlatform\application\fundraiser\Api\bin\Debug\net10.0\PlatformPlatform.Fundraiser.dll' because it is being used by another process. [C:\Users\colin\dev\fundraiser-SaaS\PlatformPlatform\application\fundraiser\Api\Fundraiser.Api.csproj]
    20 Warning(s)
    4 Error(s)

Time Elapsed 00:00:41.52
